#./src/main/resources/Entities.map
#Fri Mar 22 20:09:28 CET 2019
positionHistorian=1130
positionPresident=1126
brotherhood4=1147
priotityNeutral=1135
trashBoxBrotherhood4=1189
brotherhood3=1146
trashBoxBrotherhood3=1184
brotherhood2=1145
trashBoxBrotherhood2=1179
outBoxAdmin1=1167
brotherhood1=1144
trashBoxBrotherhood1=1174
finder1=1152
positionOfficer=1132
positionFundraiser=1131
positionSecretary=1128
spamBoxMember1=1198
spamBoxBrotherhood4=1188
spamBoxBrotherhood3=1183
trashBoxAdmin1=1169
spamBoxBrotherhood2=1178
spamBoxBrotherhood1=1173
priotityHigh=1134
member1=1191
notificationBoxBrotherhood4=1190
parade5=1163
notificationBoxBrotherhood3=1185
parade4=1162
notificationBoxBrotherhood2=1180
parade3=1161
notificationBoxBrotherhood1=1175
parade2=1160
parade1=1159
spamBoxAdmin1=1168
systemConfiguration=1165
inBoxBrotherhood4=1186
inBoxBrotherhood3=1181
inBoxBrotherhood2=1176
inBoxBrotherhood1=1171
area4=1151
area3=1150
userAccountAdmin1=1137
area2=1149
area1=1148
priotityLow=1136
inBoxMember1=1196
notificationBoxMember1=1200
outBoxBrotherhood4=1187
outBoxBrotherhood3=1182
outBoxBrotherhood2=1177
outBoxBrotherhood1=1172
inBoxAdmin1=1166
admin1=1143
enrolment1=1164
request4=1195
request3=1194
request2=1193
request1=1192
positionBrother=1133
trashBoxMember1=1199
positionTreasurer=1129
outBoxMember1=1197
notificationBoxAdmin1=1170
positionVicePresident=1127
acmeFloat6=1158
acmeFloat5=1157
acmeFloat4=1156
acmeFloat3=1155
userAccountBrotherhood4=1141
acmeFloat2=1154
userAccountBrotherhood3=1140
userAccountMember1=1142
acmeFloat1=1153
userAccountBrotherhood2=1139
userAccountBrotherhood1=1138
