#./src/main/resources/Entities.map
#Sat May 04 19:41:27 CEST 2019
problem7=416
spamBoxRookie3=435
problem6=415
spamBoxRookie2=431
problem5=414
spamBoxAuditor1=451
inBoxCompany3=445
spamBoxRookie1=427
problem4=413
inBoxCompany2=441
problem3=412
curriculum1=404
inBoxCompany1=437
trashBoxAdmin1=424
problem2=411
problem1=410
personalData1=405
inBoxAuditor1=449
inBoxAdmin1=421
systemConfiguration=387
trashBoxRookie3=436
trashBoxRookie2=432
trashBoxRookie1=428
outBoxRookie3=434
problem10=419
outBoxRookie2=430
outBoxRookie1=426
miscellaneousData1=407
inBoxRookie3=433
inBoxRookie2=429
spamBoxAdmin1=423
inBoxRookie1=425
outBoxAdmin1=422
rookie3=399
educationData1=406
rookie2=398
rookie1=397
positionData1=408
outBoxCompany3=446
outBoxCompany2=442
outBoxCompany1=438
company3=402
company2=401
company1=400
userAccountCompany3=394
outBoxAuditor1=450
userAccountCompany2=393
trashBoxCompany3=448
userAccountCompany1=392
trashBoxCompany2=444
trashBoxCompany1=440
auditor1=403
userAccountAuditor1=395
admin1=396
trashBoxAuditor1=452
userAccountRookie3=391
userAccountRookie2=390
userAccountRookie1=389
spamBoxCompany3=447
spamBoxCompany2=443
userAccountAdmin1=388
spamBoxCompany1=439
position1=409
finder1=420
problem9=418
problem8=417
