#./src/main/resources/Entities.map
#Wed May 01 03:04:43 CEST 2019
problem7=340
spamBoxRookie3=359
problem6=339
spamBoxRookie2=355
problem5=338
inBoxCompany3=369
spamBoxRookie1=351
problem4=337
inBoxCompany2=365
problem3=336
curriculum1=328
inBoxCompany1=361
trashBoxAdmin1=348
problem2=335
problem1=334
personalData1=329
inBoxAdmin1=345
systemConfiguration=313
trashBoxRookie3=360
trashBoxRookie2=356
trashBoxRookie1=352
outBoxRookie3=358
problem10=343
outBoxRookie2=354
outBoxRookie1=350
miscellaneousData1=331
inBoxRookie3=357
inBoxRookie2=353
spamBoxAdmin1=347
inBoxRookie1=349
outBoxAdmin1=346
rookie3=324
educationData1=330
rookie2=323
rookie1=322
positionData1=332
outBoxCompany3=370
outBoxCompany2=366
outBoxCompany1=362
company3=327
company2=326
company1=325
userAccountCompany3=320
userAccountCompany2=319
trashBoxCompany3=372
userAccountCompany1=318
trashBoxCompany2=368
trashBoxCompany1=364
admin1=321
userAccountRookie3=317
userAccountRookie2=316
userAccountRookie1=315
spamBoxCompany3=371
spamBoxCompany2=367
userAccountAdmin1=314
spamBoxCompany1=363
position1=333
finder1=344
problem9=342
problem8=341
