#./src/main/resources/Entities.map
#Fri May 03 09:42:54 CEST 2019
problem7=410
spamBoxRookie3=432
problem6=409
spamBoxRookie2=427
problem5=408
inBoxCompany3=445
spamBoxRookie1=422
problem4=407
inBoxCompany2=440
problem3=406
curriculum1=398
inBoxCompany1=435
trashBoxAdmin1=418
problem2=405
problem1=404
personalData1=399
notificationBoxCompany3=449
notificationBoxCompany2=444
notificationBoxCompany1=439
inBoxAdmin1=415
systemConfiguration=383
trashBoxRookie3=433
trashBoxRookie2=428
trashBoxRookie1=423
outBoxRookie3=431
problem10=413
outBoxRookie2=426
outBoxRookie1=421
miscellaneousData1=401
inBoxRookie3=430
notificationBoxAdmin1=419
inBoxRookie2=425
spamBoxAdmin1=417
inBoxRookie1=420
outBoxAdmin1=416
rookie3=394
educationData1=400
rookie2=393
rookie1=392
notificationBoxRookie3=434
positionData1=402
notificationBoxRookie2=429
notificationBoxRookie1=424
outBoxCompany3=446
outBoxCompany2=441
outBoxCompany1=436
company3=397
company2=396
company1=395
userAccountCompany3=390
userAccountCompany2=389
trashBoxCompany3=448
userAccountCompany1=388
trashBoxCompany2=443
trashBoxCompany1=438
admin1=391
userAccountRookie3=387
userAccountRookie2=386
userAccountRookie1=385
spamBoxCompany3=447
spamBoxCompany2=442
userAccountAdmin1=384
spamBoxCompany1=437
position1=403
finder1=414
problem9=412
problem8=411
