#./src/main/resources/Entities.map
#Wed Jul 03 00:51:52 CEST 2019
miscellaneousData1=856
userAccountCompany3=837
userAccountCompany2=836
userAccountCompany1=835
item9=879
inBoxRookie3=904
item8=878
notificationBoxRookie3=908
inBoxRookie2=899
item7=877
notificationBoxRookie2=903
inBoxRookie1=894
item6=876
inBoxProvider3=936
notificationBoxRookie1=898
item5=875
inBoxProvider2=932
item4=874
inBoxProvider1=928
item3=873
item2=872
item1=871
outBoxAdmin1=890
finder1=870
outBoxProvider3=937
spamBoxAuditor1=926
outBoxRookie3=905
outBoxProvider2=933
outBoxRookie2=900
outBoxProvider1=929
outBoxRookie1=895
provider3=852
provider2=851
provider1=850
spamBoxProvider3=938
spamBoxProvider2=934
spamBoxProvider1=930
trashBoxAuditor1=927
personalData1=854
trashBoxAdmin1=892
inBoxCompany3=919
inBoxCompany2=914
trashBoxRookie3=907
inBoxCompany1=909
trashBoxRookie2=902
audit2=884
audit1=883
trashBoxRookie1=897
trashBoxProvider3=939
trashBoxProvider2=935
trashBoxProvider1=931
spamBoxAdmin1=891
systemConfiguration=830
problem9=868
problem8=867
problem7=866
problem6=865
problem5=864
problem4=863
position2=859
problem3=862
position1=858
userAccountRookie3=834
problem2=861
userAccountRookie2=833
problem1=860
userAccountRookie1=832
company3=848
curriculum1=853
company2=847
company1=846
userAccountAdmin1=831
userAccountAuditor1=838
spamBoxCompany3=921
spamBoxCompany2=916
spamBoxCompany1=911
outBoxAuditor1=925
positionData1=857
notificationBoxCompany3=923
notificationBoxCompany2=918
notificationBoxCompany1=913
inBoxAdmin1=889
educationData1=855
quolet4=888
quolet3=887
quolet2=886
quolet1=885
admin1=842
trashBoxCompany3=922
trashBoxCompany2=917
trashBoxCompany1=912
spamBoxRookie3=906
spamBoxRookie2=901
spamBoxRookie1=896
message4=943
message3=942
inBoxAuditor1=924
message2=941
message1=940
userAccountProvider3=841
userAccountProvider2=840
userAccountProvider1=839
problem10=869
notificationBoxAdmin1=893
sponsorship3=882
sponsorship2=881
sponsorship1=880
rookie3=845
rookie2=844
rookie1=843
outBoxCompany3=920
outBoxCompany2=915
auditor1=849
outBoxCompany1=910
