#./src/main/resources/Entities.map
#Tue Jun 04 05:32:42 CEST 2019
publisher2=71
application4=120
publisher1=70
application3=119
userAccountPublisher2=64
application2=118
userAccountPublisher1=63
application1=117
socialProfile2=108
trashBoxAdmin1=79
socialProfile1=107
message1=104
outBoxUser2=101
outBoxUser1=97
trashBoxUser2=103
inBoxAdmin1=76
trashBoxUser1=99
systemConfiguration=61
userAccountUser2=68
serie1season2=112
userAccountUser1=67
serie1season1=110
inBoxPublisher2=84
serie1season1chapter1=111
inBoxPublisher1=80
spamBoxUser2=102
spamBoxUser1=98
spamBoxAdmin1=78
userAccountCritic2=66
userAccountCritic1=65
outBoxAdmin1=77
spamBoxCritic2=94
spamBoxCritic1=90
inBoxUser2=100
inBoxUser1=96
finderUser2=106
finderUser1=105
outBoxPublisher2=85
outBoxPublisher1=81
serie1season2chapter1=113
trashBoxCritic2=95
user2=75
outBoxCritic2=93
trashBoxCritic1=91
user1=74
outBoxCritic1=89
comment1=116
serie2=114
critique1=115
serie1=109
admin1=69
inBoxCritic2=92
inBoxCritic1=88
trashBoxPublisher2=87
userAccountAdmin1=62
trashBoxPublisher1=83
critic2=73
spamBoxPublisher2=86
critic1=72
spamBoxPublisher1=82
