#./src/main/resources/Entities.map
#Tue May 28 03:24:56 CEST 2019
publisher2=68
publisher1=67
userAccountPublisher2=61
userAccountPublisher1=60
application1=114
socialProfile2=105
trashBoxAdmin1=76
socialProfile1=104
message1=101
outBoxUser2=98
outBoxUser1=94
trashBoxUser2=100
inBoxAdmin1=73
trashBoxUser1=96
systemConfiguration=58
userAccountUser2=65
serie1season2=109
userAccountUser1=64
serie1season1=107
inBoxPublisher2=81
serie1season1chapter1=108
inBoxPublisher1=77
spamBoxUser2=99
spamBoxUser1=95
spamBoxAdmin1=75
userAccountCritic2=63
userAccountCritic1=62
outBoxAdmin1=74
spamBoxCritic2=91
spamBoxCritic1=87
inBoxUser2=97
inBoxUser1=93
finderUser2=103
finderUser1=102
outBoxPublisher2=82
outBoxPublisher1=78
serie1season2chapter1=110
trashBoxCritic2=92
user2=72
outBoxCritic2=90
trashBoxCritic1=88
user1=71
outBoxCritic1=86
comment1=113
serie2=111
critique1=112
serie1=106
admin1=66
inBoxCritic2=89
inBoxCritic1=85
trashBoxPublisher2=84
userAccountAdmin1=59
trashBoxPublisher1=80
critic2=70
spamBoxPublisher2=83
critic1=69
spamBoxPublisher1=79
