#./src/main/resources/Entities.map
#Thu May 16 14:18:02 CEST 2019
miscellaneousData1=850
userAccountCompany3=831
userAccountCompany2=830
userAccountCompany1=829
item9=873
inBoxRookie3=892
item8=872
notificationBoxRookie3=896
inBoxRookie2=887
item7=871
notificationBoxRookie2=891
inBoxRookie1=882
item6=870
inBoxProvider3=924
notificationBoxRookie1=886
item5=869
inBoxProvider2=920
item4=868
inBoxProvider1=916
item3=867
item2=866
item1=865
outBoxAdmin1=878
finder1=864
outBoxProvider3=925
spamBoxAuditor1=914
outBoxRookie3=893
outBoxProvider2=921
outBoxRookie2=888
outBoxProvider1=917
outBoxRookie1=883
provider3=846
provider2=845
provider1=844
spamBoxProvider3=926
spamBoxProvider2=922
spamBoxProvider1=918
trashBoxAuditor1=915
personalData1=848
trashBoxAdmin1=880
inBoxCompany3=907
inBoxCompany2=902
trashBoxRookie3=895
inBoxCompany1=897
trashBoxRookie2=890
trashBoxRookie1=885
trashBoxProvider3=927
trashBoxProvider2=923
trashBoxProvider1=919
spamBoxAdmin1=879
systemConfiguration=824
problem9=862
problem8=861
problem7=860
problem6=859
problem5=858
problem4=857
position2=853
problem3=856
position1=852
userAccountRookie3=828
problem2=855
userAccountRookie2=827
problem1=854
userAccountRookie1=826
company3=842
curriculum1=847
company2=841
company1=840
userAccountAdmin1=825
userAccountAuditor1=832
spamBoxCompany3=909
spamBoxCompany2=904
spamBoxCompany1=899
outBoxAuditor1=913
positionData1=851
notificationBoxCompany3=911
notificationBoxCompany2=906
notificationBoxCompany1=901
inBoxAdmin1=877
educationData1=849
admin1=836
trashBoxCompany3=910
trashBoxCompany2=905
trashBoxCompany1=900
spamBoxRookie3=894
spamBoxRookie2=889
spamBoxRookie1=884
message4=931
message3=930
inBoxAuditor1=912
message2=929
message1=928
userAccountProvider3=835
userAccountProvider2=834
userAccountProvider1=833
problem10=863
notificationBoxAdmin1=881
sponsorship3=876
sponsorship2=875
sponsorship1=874
rookie3=839
rookie2=838
rookie1=837
outBoxCompany3=908
outBoxCompany2=903
auditor1=843
outBoxCompany1=898
